
Running 1 test using 1 worker


--- 1. MANAGER (T06) ---
Navigating to Login...
Resetting password for manager@kaimana.com...
[DIALOG] confirm: Generate temporary password for manager@kaimana.com?
npx : ERROR in resetUserPassword for manager@kaimana.com: 
locator.waitFor: Timeout 60000ms exceeded.
At line:1 char:1
+ npx playwright test verify_users_playwright.spec.js > 
test_output.txt ...
+ ~~~~~~~~~~~~~~~~~~~~~~~~~~~~~~~~~~~~~~~~~~~~~~~~~~~~~~~~~~~~~~~~~~~~~
    + CategoryInfo          : NotSpecified: (ERROR in resetU...000ms e 
   xceeded.:String) [], RemoteException
    + FullyQualifiedErrorId : NativeCommandError
 
Call log:
[2m  - waiting for locator('code') to be visible[22m

    at resetUserPassword 
[90m(D:\OPS\[39mverify_users_playwright.spec.js:120:27[90m)[39m
    at [90mD:\OPS\[39mverify_users_playwright.spec.js:143:25 {
  name: [32m'TimeoutError'[39m,
  [[32mSymbol(step)[39m]: {
    location: {
      file: [32m'D:\\OPS\\verify_users_playwright.spec.js'[39m,
      line: [33m120[39m,
      column: [33m27[39m,
      function: [32m'resetUserPassword'[39m
    },
    category: [32m'pw:api'[39m,
    title: [32m"Wait for selector locator('code')"[39m,
    apiName: [32m'locator.waitFor'[39m,
    params: {
      selector: [32m'code'[39m,
      strict: [33mtrue[39m,
      omitReturnValue: [33mtrue[39m,
      timeout: [33m60000[39m
    },
    group: [90mundefined[39m,
    stepId: [32m'pw:api@61'[39m,
    boxedStack: [90mundefined[39m,
    steps: [],
    attachmentIndices: [],
    info: TestStepInfoImpl {
      annotations: [],
      _testInfo: [36m[TestInfoImpl][39m,
      _stepId: [32m'pw:api@61'[39m,
      _title: [32m"Wait for selector locator('code')"[39m,
      _parentStep: [90mundefined[39m,
      skip: [36m[Function (anonymous)][39m
    },
    complete: [36m[Function: complete][39m,
    endWallTime: [33m1770218406646[39m,
    error: {
      message: [32m'TimeoutError: locator.waitFor: Timeout 60000ms 
exceeded.\n'[39m +
        [32m'Call log:\n'[39m +
        [32m"\x1B[2m  - waiting for locator('code') to be 
visible\x1B[22m\n"[39m,
      stack: [32m'TimeoutError: locator.waitFor: Timeout 60000ms 
exceeded.\n'[39m +
        [32m'Call log:\n'[39m +
        [32m"\x1B[2m  - waiting for locator('code') to be 
visible\x1B[22m\n"[39m +
        [32m'\n'[39m +
        [32m'    at resetUserPassword 
(D:\\OPS\\verify_users_playwright.spec.js:120:27)\n'[39m +
        [32m'    at 
D:\\OPS\\verify_users_playwright.spec.js:143:25'[39m,
      cause: [90mundefined[39m
    }
  }
}
  Γ£ÿ  1 verify_users_playwright.spec.js:6:1 ΓÇ║ Fix and Verify Phase 2 Users (Manager, Operator, Investor) (1.2m)


  1) verify_users_playwright.spec.js:6:1 ΓÇ║ Fix and Verify Phase 2 Users (Manager, Operator, Investor) 

    TimeoutError: locator.waitFor: Timeout 60000ms exceeded.
    Call log:
    [2m  - waiting for locator('code') to be visible[22m


      118 |             const codeLoc = page.locator('code');
      119 |             // Increase timeout for cold starts
    > 120 |             await codeLoc.waitFor({ timeout: 60000 });
          |                           ^
      121 |             const pass = await codeLoc.innerText();
      122 |             console.log(`   Γ£à Got Password: ${pass}`);
      123 |
        at resetUserPassword (D:\OPS\verify_users_playwright.spec.js:120:27)
        at D:\OPS\verify_users_playwright.spec.js:143:25

    Error Context: test-results\verify_users_playwright-Fi-ad22e--Manager-Operator-Investor-\error-context.md

  1 failed
    verify_users_playwright.spec.js:6:1 ΓÇ║ Fix and Verify Phase 2 Users (Manager, Operator, Investor) 
